# VMware虚拟机Linux增加磁盘空间的扩容操作

用VMwareware虚拟机安装的Red Hat Enterprise Linux系统剩余空间不足，造成软件无法正常安装。如果重新装一遍系统就需要重新配置好开发环境和软件的安装配置。

给磁盘扩容
先在虚拟机设置中，选择扩容磁盘
会提示打开操作系统分配已经扩容的磁盘

打开linux
```
➜  ~ fdisk -l     #查看磁盘分区
Disk /dev/sda: 200 GiB, 214748364800 bytes, 419430400 sectors
Disk model: VMware Virtual S
Units: sectors of 1 * 512 = 512 bytes
Sector size (logical/physical): 512 bytes / 512 bytes
I/O size (minimum/optimal): 512 bytes / 512 bytes
Disklabel type: dos
Disk identifier: 0x9f657914

Device     Boot   Start       End   Sectors Size Id Type
/dev/sda1  *       2048   2099199   2097152   1G 83 Linux
/dev/sda2       2099200 209715199 207616000  99G 8e Linux LVM


Disk /dev/mapper/cs_192-root: 65.13 GiB, 69931630592 bytes, 136585216 sectors
Units: sectors of 1 * 512 = 512 bytes
Sector size (logical/physical): 512 bytes / 512 bytes
I/O size (minimum/optimal): 512 bytes / 512 bytes


Disk /dev/mapper/cs_192-swap: 2.07 GiB, 2218786816 bytes, 4333568 sectors
Units: sectors of 1 * 512 = 512 bytes
Sector size (logical/physical): 512 bytes / 512 bytes
I/O size (minimum/optimal): 512 bytes / 512 bytes


Disk /dev/mapper/cs_192-home: 31.8 GiB, 34145828864 bytes, 66691072 sectors
Units: sectors of 1 * 512 = 512 bytes
Sector size (logical/physical): 512 bytes / 512 bytes
I/O size (minimum/optimal): 512 bytes / 512 bytes

➜  ~ vgdisplay                   #查看                     
  --- Volume group ---
  VG Name               cs_192
  System ID
  Format                lvm2
  Metadata Areas        1
  Metadata Sequence No  4
  VG Access             read/write
  VG Status             resizable
  MAX LV                0
  Cur LV                3
  Open LV               3
  Max PV                0
  Cur PV                1
  Act PV                1
  VG Size               <99.00 GiB
  PE Size               4.00 MiB
  Total PE              25343
  Alloc PE / Size       25343 / <99.00 GiB
  Free  PE / Size       0 / 0
  VG UUID               3VcdSS-851l-iZzj-PYO0-YJUr-GbkA-SDeDtf

➜  ~ fdisk /dev/sda                        #进入分区工具

Welcome to fdisk (util-linux 2.37.4).
Changes will remain in memory only, until you decide to write them.
Be careful before using the write command.

This disk is currently in use - repartitioning is probably a bad idea.
It's recommended to umount all file systems, and swapoff all swap
partitions on this disk.


Command (m for help): m                    #查看帮助

Help:

  DOS (MBR)
   a   toggle a bootable flag
   b   edit nested BSD disklabel
   c   toggle the dos compatibility flag

  Generic
   d   delete a partition
   F   list free unpartitioned space
   l   list known partition types
   n   add a new partition
   p   print the partition table
   t   change a partition type
   v   verify the partition table
   i   print information about a partition

  Misc
   m   print this menu
   u   change display/entry units
   x   extra functionality (experts only)

  Script
   I   load disk layout from sfdisk script file
   O   dump disk layout to sfdisk script file

  Save & Exit
   w   write table to disk and exit
   q   quit without saving changes

  Create a new label
   g   create a new empty GPT partition table
   G   create a new empty SGI (IRIX) partition table
   o   create a new empty DOS partition table
   s   create a new empty Sun partition table

Command (m for help): n        #新建分区
Partition type
   p   primary (2 primary, 0 extended, 2 free)
   e   extended (container for logical partitions)
Select (default p): p         #选择主分区
Partition number (3,4, default 3):                       #分区号 回车默认
First sector (209715200-419430399, default 209715200):   #起始扇区 回车默认
Last sector, +/-sectors or +/-size{K,M,G,T,P} (209715200-419430399, default 419430399):   #结束扇区 回车默认

Created a new partition 3 of type 'Linux' and of size 100 GiB.

Command (m for help): w                                       #保存退出
The partition table has been altered.
Syncing disks.

➜  ~ reboot    #重启


#重启后可以看到新建的分区

➜ ~ fdisk -l                                        
Disk /dev/sda: 200 GiB, 214748364800 bytes, 419430400 sectors
Disk model: VMware Virtual S
Units: sectors of 1 * 512 = 512 bytes
Sector size (logical/physical): 512 bytes / 512 bytes
I/O size (minimum/optimal): 512 bytes / 512 bytes
Disklabel type: dos
Disk identifier: 0x9f657914

Device     Boot     Start       End   Sectors  Size Id Type
/dev/sda1  *         2048   2099199   2097152    1G 83 Linux
/dev/sda2         2099200 209715199 207616000   99G 8e Linux LVM
/dev/sda3       209715200 419430399 209715200  100G 83 Linux      #新建的分区


Disk /dev/mapper/cs_192-root: 65.13 GiB, 69931630592 bytes, 136585216 sectors
Units: sectors of 1 * 512 = 512 bytes
Sector size (logical/physical): 512 bytes / 512 bytes
I/O size (minimum/optimal): 512 bytes / 512 bytes


Disk /dev/mapper/cs_192-swap: 2.07 GiB, 2218786816 bytes, 4333568 sectors
Units: sectors of 1 * 512 = 512 bytes
Sector size (logical/physical): 512 bytes / 512 bytes
I/O size (minimum/optimal): 512 bytes / 512 bytes


Disk /dev/mapper/cs_192-home: 31.8 GiB, 34145828864 bytes, 66691072 sectors
Units: sectors of 1 * 512 = 512 bytes
Sector size (logical/physical): 512 bytes / 512 bytes
I/O size (minimum/optimal): 512 bytes / 512 bytes

➜ ~ mkfs.ext2 /dev/sda3                                          #设置新分区格式化                                                                                                                   -- INSERT --
mke2fs 1.46.5 (30-Dec-2021)
Creating filesystem with 26214400 4k blocks and 6553600 inodes
Filesystem UUID: 81ac74c0-3fe0-45f7-a7c1-d504e587e3c1
Superblock backups stored on blocks:
        32768, 98304, 163840, 229376, 294912, 819200, 884736, 1605632, 2654208,
        4096000, 7962624, 11239424, 20480000, 23887872

Allocating group tables: done
Writing inode tables: done
Writing superblocks and filesystem accounting information: done


➜ ~ mkdir /mnt/disksda3    #创建挂载目录

➜ ~ mount /dev/sda3 /mnt/disksda3    #挂载新分区

➜ ~ rsync -a /home/ /disk3/     #同步数据到新分区

➜ ~ sudo lsof +D /home   #查看/home目录下的文件是否被占用
➜ ~ systemctl list-units --type=service | grep home

➜ ~ mount | grep /home   #查看/home目录是否被挂载
/dev/mapper/cs_192-home on /home type xfs (rw,relatime,seclabel,attr2,inode64,logbufs=8,logbsize=32k,noquota)

➜ ~ umount /dev/mapper/cs_192-home   #卸载/home目录

➜ ~ mount /dev/sda3 /home   #挂载新分区到/home目录
➜ ~ nano /etc/fstab          #更新/etc/fstab文件

在文件中添加

/dev/sda3  /home   ext4   defaults   0   2

[
#其中的 0 和 2 是用于文件系统检查的参数。具体含义如下：

#第一个数字（0）表示是否需要进行文件系统检查（fsck）。

#如果设置为 0，表示不进行文件系统检查。
#如果设置为 1，表示进行文件系统检查，但会跳过根文件系统。
#如果设置为 2，表示进行文件系统检查。
#通常，对于根文件系统，这个值设置为 1，而对于其他文件系统，可以设置为 2，以在需要时进行检查。

#第二个数字（2）表示文件系统检查的顺序。

#如果设置为 0，表示不进行文件系统检查。
#如果设置为 1，表示根文件系统将首先进行检查。
#如果设置为 2，表示其他文件系统将在根文件系统之后进行检查。
#在你的情况下，0 表示不进行文件系统检查，而 2 表示其他文件系统将在根文件系统之后进行检查。这是一种常见的设置，适用于许多 Linux 系统。
]
➜ ~ mount -a             #重新挂载
➜ ~ df -h                #查看磁盘使用情况
#到这里就完成了磁盘扩容
```

接下来是将取消挂载的/home目录空间释放出来
```
➜  / cd /dev/mapper

➜  mapper ls
control  cs_192-home  cs_192-root  cs_192-swap
#可以看到 cs_192-home逻辑卷
➜  mapper lvdisplay   #查看逻辑卷
  --- Logical volume ---
  LV Path                /dev/cs_192/swap
  LV Name                swap
  VG Name                cs_192
  LV UUID                uWwKxQ-3Ohp-p7LC-5Uky-M5ib-JDoT-GyONkn
  LV Write Access        read/write
  LV Creation host, time 192.168.50.128, 2024-01-03 16:27:00 +0800
  LV Status              available
  # open                 2
  LV Size                <2.07 GiB
  Current LE             529
  Segments               1
  Allocation             inherit
  Read ahead sectors     auto
  - currently set to     256
  Block device           253:1

  --- Logical volume ---
  LV Path                /dev/cs_192/home
  LV Name                home
  VG Name                cs_192
  LV UUID                dSDCxy-rJpM-V4vO-38EG-12IR-uSi5-PGRQej
  LV Write Access        read/write
  LV Creation host, time 192.168.50.128, 2024-01-03 16:27:00 +0800
  LV Status              available
  # open                 0
  LV Size                31.80 GiB
  Current LE             8141
  Segments               1
  Allocation             inherit
  Read ahead sectors     auto
  - currently set to     256
  Block device           253:2

  --- Logical volume ---
  LV Path                /dev/cs_192/root
  LV Name                root
  VG Name                cs_192
  LV UUID                HeMVRS-0ANq-RuEw-rs7Q-PH9n-SgV2-ul9t2K
  LV Write Access        read/write
  LV Creation host, time 192.168.50.128, 2024-01-03 16:27:00 +0800
  LV Status              available
  # open                 1
  LV Size                <65.13 GiB
  Current LE             16673
  Segments               1
  Allocation             inherit
  Read ahead sectors     auto
  - currently set to     256
  Block device           253:0

➜  mapper vgdisplay            #查看卷组
  --- Volume group ---
  VG Name               cs_192
  System ID
  Format                lvm2
  Metadata Areas        1
  Metadata Sequence No  4
  VG Access             read/write
  VG Status             resizable
  MAX LV                0
  Cur LV                3
  Open LV               2
  Max PV                0
  Cur PV                1
  Act PV                1
  VG Size               <99.00 GiB
  PE Size               4.00 MiB
  Total PE              25343
  Alloc PE / Size       25343 / <99.00 GiB
  Free  PE / Size       0 / 0
  VG UUID               3VcdSS-851l-iZzj-PYO0-YJUr-GbkA-SDeDtf

➜  mapper lvremove /dev/mapper/cs_192/home       #删除逻辑卷

➜  mapper lvresize -l +100%FREE /dev/mapper/cs_192/root   #扩容逻辑卷
  Size of logical volume cs_192/root changed from <65.13 GiB (16673 extents) to <96.93 GiB (24814 extents).


➜  mapper lvdisplay                      #查看逻辑卷,可以看到root逻辑卷已经扩容
  --- Logical volume ---
  LV Path                /dev/cs_192/swap
  LV Name                swap
  VG Name                cs_192
  LV UUID                uWwKxQ-3Ohp-p7LC-5Uky-M5ib-JDoT-GyONkn
  LV Write Access        read/write
  LV Creation host, time 192.168.50.128, 2024-01-03 16:27:00 +0800
  LV Status              available
  # open                 2
  LV Size                <2.07 GiB
  Current LE             529
  Segments               1
  Allocation             inherit
  Read ahead sectors     auto
  - currently set to     256
  Block device           253:1

  --- Logical volume ---
  LV Path                /dev/cs_192/root
  LV Name                root
  VG Name                cs_192
  LV UUID                HeMVRS-0ANq-RuEw-rs7Q-PH9n-SgV2-ul9t2K
  LV Write Access        read/write
  LV Creation host, time 192.168.50.128, 2024-01-03 16:27:00 +0800
  LV Status              available
  # open                 1
  LV Size                <96.93 GiB
  Current LE             24814
  Segments               2
  Allocation             inherit
  Read ahead sectors     auto
  - currently set to     256
  Block device           253:0



➜  mapper mount -a                          #重新挂载
➜  mapper df -h                             #查看磁盘使用情况，可以看到/home目录已经释放出来，切换为新的磁盘
Filesystem               Size  Used Avail Use% Mounted on
devtmpfs                 4.0M     0  4.0M   0% /dev
tmpfs                    7.7G     0  7.7G   0% /dev/shm
tmpfs                    3.1G  9.6M  3.1G   1% /run
/dev/mapper/cs_192-root   66G   13G   53G  19% /
/dev/sda1                960M  303M  658M  32% /boot
tmpfs                    1.6G   52K  1.6G   1% /run/user/42
tmpfs                    1.6G   36K  1.6G   1% /run/user/0
/dev/sda3                 99G   32G   62G  34% /home
```



